// Jest Snapshot v1, https://goo.gl/fbAQLP

exports[`Should render Action correctly 1`] = `
<div>
  <button
    className="big-button"
    disabled={true}
    onClick={[Function]}
  >
    What should I do?
  </button>
</div>
`;
