// Jest Snapshot v1, https://goo.gl/fbAQLP

exports[`Should render Header correctly 1`] = `
<div
  className="header"
>
  <div
    className="container header__content"
  >
    <div>
      <h1
        className="header__title"
      >
        Indecision
      </h1>
      <h2
        className="header__subtitle"
      >
        Put your life in the hands of a computer
      </h2>
    </div>
    <button
      className="button button--link"
      onClick={[Function]}
    >
      Logout
    </button>
  </div>
</div>
`;
