// Jest Snapshot v1, https://goo.gl/fbAQLP

exports[`Should render OptionModal correctly 1`] = `
<Modal
  ariaHideApp={true}
  bodyOpenClassName="ReactModal__Body--open"
  className="modal"
  closeTimeoutMS={200}
  contentLabel="Selected Option"
  isOpen={true}
  onRequestClose={[Function]}
  parentSelector={[Function]}
  portalClassName="ReactModalPortal"
  role="dialog"
  shouldCloseOnEsc={true}
  shouldCloseOnOverlayClick={true}
  shouldFocusAfterRender={true}
  shouldReturnFocusAfterClose={true}
>
  <h3
    className="modal__title"
  >
    Selected Option
  </h3>
  <p
    className="modal__body"
  >
    Buy milk
  </p>
  <button
    className="button"
    onClick={[Function]}
  >
    Okay
  </button>
</Modal>
`;
